============================= test session starts =============================
platform win32 -- Python 3.12.1, pytest-9.0.2, pluggy-1.6.0
rootdir: D:\My Codes\FL
configfile: pyproject.toml
collected 13 items

tests\test_contracts.py .....F..                                         [ 61%]
tests\test_model.py .....                                                [100%]

================================== FAILURES ===================================
___________________ test_validate_scalar_metrics_path_leak ____________________

    def test_validate_scalar_metrics_path_leak():
        metrics = {"loss": 0.5, "error_log": "Dumped to /data/data/com.termux/files/home"}
        with pytest.raises(ValueError, match="leaks a local path"):
>           validate_scalar_metrics(metrics)

tests\test_contracts.py:39: 
_ _ _ _ _ _ _ _ _ _ _ _ _ _ _ _ _ _ _ _ _ _ _ _ _ _ _ _ _ _ _ _ _ _ _ _ _ _ _ _

metrics = {'error_log': 'Dumped to /data/data/com.termux/files/home', 'loss': 0.5}

    def validate_scalar_metrics(metrics: dict[str, Scalar]) -> None:
        for key, value in metrics.items():
            if key in FORBIDDEN_METRIC_KEYS:
                raise ValueError(f'Forbidden metric key encountered: {key}')
            if not _is_scalar_metric(value):
                raise TypeError(f"Metric '{key}' must be scalar, received {type(value).__name__}.")
            if isinstance(value, str) and _contains_path_like_value(value):
>               raise ValueError(f"Metric '{key}' appears to leak a local path or device storage reference.")
E               ValueError: Metric 'error_log' appears to leak a local path or device storage reference.

fedsense\contracts.py:48: ValueError

During handling of the above exception, another exception occurred:

    def test_validate_scalar_metrics_path_leak():
        metrics = {"loss": 0.5, "error_log": "Dumped to /data/data/com.termux/files/home"}
>       with pytest.raises(ValueError, match="leaks a local path"):
E       AssertionError: Regex pattern did not match.
E         Expected regex: 'leaks a local path'
E         Actual message: "Metric 'error_log' appears to leak a local path or device storage reference."

tests\test_contracts.py:38: AssertionError
=========================== short test summary info ===========================
FAILED tests/test_contracts.py::test_validate_scalar_metrics_path_leak - Asse...
======================== 1 failed, 12 passed in 2.88s =========================
